<?xml version="1.0" encoding="UTF-8"?>
<TestRun id="4f3c1949-1a8c-4fd6-9009-1e7477770e69" name="net@NET-PC 2014-09-11 10:05:48" runUser="net-PC\net" xmlns="http://microsoft.com/schemas/VisualStudio/TeamTest/2010">
  <Times creation="2014-09-11T10:05:48.5886796+03:00" queuing="2014-09-11T10:05:48.5886796+03:00" start="2014-09-11T10:05:48.5926798+03:00" finish="2014-09-11T10:05:48.6406826+03:00" />
  <TestSettings name="default" id="5e07e4e3-4cb8-42d1-950a-301007c9f4ec">
    <Execution>
      <TestTypeSpecific />
    </Execution>
    <Deployment runDeploymentRoot="net_NET-PC 2014-09-11 10_05_48" />
    <Properties />
  </TestSettings>
  <Results>
    <UnitTestResult executionId="b3022e7e-3a8b-454d-a1a8-3c37d1dab8a5" testId="07615eb7-235a-11a1-4f45-a06cb4d2655e" testName="TestMethod1" computerName="NET-PC" duration="00:00:00.0026733" startTime="2014-09-11T10:05:48.5106752+03:00" endTime="2014-09-11T10:05:48.5346765+03:00" testType="13cdc9d9-ddb5-4fa4-a97d-d965ccfc6d4b" outcome="Passed" testListId="8c84fa94-04c1-424b-9868-57a2d4851a1d" relativeResultsDirectory="b3022e7e-3a8b-454d-a1a8-3c37d1dab8a5" />
  </Results>
  <TestDefinitions>
    <UnitTest name="TestMethod1" storage="c:\sampletrxparsing\sampletestingproject\bin\debug\sampletestingproject.dll" id="07615eb7-235a-11a1-4f45-a06cb4d2655e">
      <Execution id="b3022e7e-3a8b-454d-a1a8-3c37d1dab8a5" />
      <TestMethod codeBase="C:\SampleTRXParsing\SampleTestingProject\bin\Debug\SampleTestingProject.dll" adapterTypeName="Microsoft.VisualStudio.TestTools.TestTypes.Unit.UnitTestAdapter" className="SampleTestingProject.UnitTest1" name="TestMethod1" />
    </UnitTest>
  </TestDefinitions>
  <TestEntries>
    <TestEntry testId="07615eb7-235a-11a1-4f45-a06cb4d2655e" executionId="b3022e7e-3a8b-454d-a1a8-3c37d1dab8a5" testListId="8c84fa94-04c1-424b-9868-57a2d4851a1d" />
  </TestEntries>
  <TestLists>
    <TestList name="Results Not in a List" id="8c84fa94-04c1-424b-9868-57a2d4851a1d" />
    <TestList name="All Loaded Results" id="19431567-8539-422a-85d7-44ee4e166bda" />
  </TestLists>
  <ResultSummary outcome="Completed">
    <Counters total="1" executed="1" passed="1" failed="0" error="0" timeout="0" aborted="0" inconclusive="0" passedButRunAborted="0" notRunnable="0" notExecuted="0" disconnected="0" warning="0" completed="0" inProgress="0" pending="0" />
  </ResultSummary>
</TestRun>